## Best fitness percentile found (mean over assays; [95% bootstrap CI over assays])

| method | B=50 | B=100 | B=200 | B=500 |
|---|---|---|---|---|
| Random search | 97.93 [97.71, 98.16] | 99.02 [98.84, 99.19] | 99.54 [99.43, 99.63] | 99.82 [99.80, 99.84] |
| Random walk (graph) | 95.28 [94.08, 96.48] | 98.45 [97.95, 98.88] | 99.40 [99.17, 99.59] | 99.83 [99.75, 99.90] |
| Greedy local search | 97.86 [97.14, 98.44] | 99.13 [98.84, 99.38] | 99.57 [99.49, 99.65] | 99.86 [99.84, 99.89] |
| Regularized evolution | 98.56 [98.36, 98.74] | 99.34 [99.23, 99.43] | 99.66 [99.61, 99.71] | 99.90 [99.87, 99.93] |
| GP-BO (Matern-5/2, EI) | 98.44 [98.19, 98.69] | 99.15 [98.98, 99.33] | 99.67 [99.55, 99.79] | 99.91 [99.85, 99.96] |
| graph-adapted AdaLead | 98.62 [98.40, 98.83] | 99.26 [99.09, 99.41] | 99.66 [99.59, 99.74] | 99.89 [99.85, 99.94] |
| Fly learner | 96.74 [96.20, 97.27] | 98.66 [98.09, 99.10] | 99.40 [99.18, 99.60] | 99.82 [99.73, 99.89] |
| Fly learner + memory | 95.98 [94.93, 96.94] | 98.53 [98.09, 98.92] | 99.41 [99.18, 99.61] | 99.81 [99.72, 99.89] |
| Fly best tested (replay5, T=0.3, memory) | 96.55 [95.80, 97.27] | 98.55 [98.02, 99.01] | 99.43 [99.19, 99.63] | 99.83 [99.72, 99.92] |
| ESM-2 8M zero-shot (WT-marginal) | 98.63 [97.73, 99.35] | 99.34 [98.92, 99.71] | 99.60 [99.35, 99.82] | 99.77 [99.64, 99.87] |
| ESM-2 150M zero-shot (WT-marginal) | 98.59 [97.58, 99.40] | 99.45 [99.17, 99.72] | 99.70 [99.46, 99.87] | 99.88 [99.82, 99.94] |
| ESM-2 650M zero-shot (WT-marginal) | 99.07 [98.60, 99.46] | 99.44 [99.03, 99.75] | 99.74 [99.51, 99.89] | 99.90 [99.86, 99.94] |
| ESM-2 8M zero-shot (masked-marginal) | 98.55 [97.59, 99.31] | 99.13 [98.57, 99.60] | 99.44 [99.18, 99.66] | 99.84 [99.77, 99.91] |
| ESM-2 150M zero-shot (masked-marginal) | 98.60 [97.60, 99.36] | 99.38 [99.12, 99.64] | 99.62 [99.32, 99.85] | 99.91 [99.88, 99.94] |

## P(reach assay top 1%) in % (mean over assays; [95% CI])

| method | B=50 | B=100 | B=200 | B=500 |
|---|---|---|---|---|
| Random search | 40.0 [32.5, 47.5] | 65.0 [56.5, 72.5] | 88.5 [81.5, 94.0] | 100.0 [100.0, 100.0] |
| Random walk (graph) | 29.0 [22.0, 36.0] | 54.0 [43.5, 66.0] | 81.0 [70.5, 90.0] | 100.0 [100.0, 100.0] |
| Greedy local search | 40.5 [31.0, 50.0] | 67.0 [56.0, 77.5] | 88.5 [85.0, 92.0] | 99.5 [98.5, 100.0] |
| Regularized evolution | 48.0 [43.5, 53.5] | 75.5 [69.5, 81.0] | 94.0 [88.5, 98.5] | 100.0 [100.0, 100.0] |
| GP-BO (Matern-5/2, EI) | 52.0 [44.0, 60.5] | 65.5 [56.0, 75.5] | 92.5 [87.0, 97.0] | 99.5 [98.5, 100.0] |
| graph-adapted AdaLead | 54.5 [47.0, 62.5] | 72.5 [64.5, 80.0] | 94.0 [91.0, 96.5] | 100.0 [100.0, 100.0] |
| Fly learner | 30.5 [22.0, 38.0] | 51.0 [37.5, 63.5] | 76.5 [65.5, 87.0] | 98.5 [97.0, 100.0] |
| Fly learner + memory | 31.5 [21.0, 42.5] | 54.5 [44.0, 65.5] | 78.5 [66.5, 88.5] | 98.0 [96.5, 99.5] |
| Fly best tested (replay5, T=0.3, memory) | 30.5 [21.5, 39.0] | 55.0 [43.0, 66.5] | 84.5 [73.0, 93.0] | 99.5 [98.5, 100.0] |
| ESM-2 8M zero-shot (WT-marginal) | 40.0 [10.0, 70.0] | 70.0 [40.0, 100.0] | 90.0 [70.0, 100.0] | 100.0 [100.0, 100.0] |
| ESM-2 150M zero-shot (WT-marginal) | 50.0 [20.0, 80.0] | 80.0 [50.0, 100.0] | 90.0 [70.0, 100.0] | 100.0 [100.0, 100.0] |
| ESM-2 650M zero-shot (WT-marginal) | 50.0 [20.0, 80.0] | 80.0 [50.0, 100.0] | 90.0 [70.0, 100.0] | 100.0 [100.0, 100.0] |
| ESM-2 8M zero-shot (masked-marginal) | 40.0 [10.0, 70.0] | 60.0 [30.0, 90.0] | 80.0 [50.0, 100.0] | 100.0 [100.0, 100.0] |
| ESM-2 150M zero-shot (masked-marginal) | 60.0 [30.0, 90.0] | 70.0 [40.0, 100.0] | 80.0 [50.0, 100.0] | 100.0 [100.0, 100.0] |

## P(reach assay top 0.1%) in % (mean over assays; [95% CI])

| method | B=50 | B=100 | B=200 | B=500 |
|---|---|---|---|---|
| Random search | 5.5 [3.5, 7.5] | 9.5 [5.5, 14.0] | 21.5 [18.0, 25.5] | 44.0 [40.0, 47.5] |
| Random walk (graph) | 7.0 [2.5, 12.0] | 16.5 [6.5, 30.5] | 27.5 [13.0, 45.5] | 58.5 [41.5, 74.5] |
| Greedy local search | 9.5 [5.0, 15.0] | 17.0 [9.5, 25.0] | 30.0 [22.0, 39.5] | 62.0 [54.5, 71.0] |
| Regularized evolution | 7.5 [4.5, 11.0] | 16.5 [9.5, 24.0] | 30.0 [19.5, 42.0] | 62.5 [48.5, 77.0] |
| GP-BO (Matern-5/2, EI) | 8.0 [3.5, 13.0] | 17.5 [8.0, 29.5] | 39.0 [21.0, 59.0] | 72.5 [52.0, 90.0] |
| graph-adapted AdaLead | 8.5 [4.5, 13.0] | 19.5 [11.5, 28.0] | 36.0 [23.5, 48.5] | 63.5 [48.0, 79.5] |
| Fly learner | 10.5 [4.0, 18.0] | 18.0 [8.0, 29.0] | 30.0 [16.5, 44.0] | 58.5 [41.0, 76.0] |
| Fly learner + memory | 10.5 [3.0, 20.5] | 15.5 [5.5, 27.5] | 29.5 [16.5, 44.5] | 56.5 [38.5, 74.0] |
| Fly best tested (replay5, T=0.3, memory) | 4.5 [2.0, 7.5] | 15.5 [7.0, 27.5] | 28.5 [16.0, 43.0] | 56.5 [36.5, 75.5] |
| ESM-2 8M zero-shot (WT-marginal) | 0.0 [0.0, 0.0] | 10.0 [0.0, 30.0] | 20.0 [0.0, 50.0] | 20.0 [0.0, 50.0] |
| ESM-2 150M zero-shot (WT-marginal) | 0.0 [0.0, 0.0] | 10.0 [0.0, 30.0] | 20.0 [0.0, 50.0] | 50.0 [20.0, 80.0] |
| ESM-2 650M zero-shot (WT-marginal) | 0.0 [0.0, 0.0] | 0.0 [0.0, 0.0] | 20.0 [0.0, 50.0] | 50.0 [20.0, 80.0] |
| ESM-2 8M zero-shot (masked-marginal) | 0.0 [0.0, 0.0] | 0.0 [0.0, 0.0] | 0.0 [0.0, 0.0] | 30.0 [0.0, 60.0] |
| ESM-2 150M zero-shot (masked-marginal) | 0.0 [0.0, 0.0] | 10.0 [0.0, 30.0] | 20.0 [0.0, 50.0] | 70.0 [40.0, 100.0] |

## Area under best-percentile-vs-query curve, normalised (mean over assays; [95% CI])

| method | B=50 | B=100 | B=200 | B=500 |
|---|---|---|---|---|
| Random search | 93.27 [92.64, 93.86] | 95.92 [95.56, 96.27] | 97.63 [97.41, 97.86] | 98.88 [98.77, 99.00] |
| Random walk (graph) | 89.10 [87.70, 90.48] | 93.28 [92.25, 94.23] | 96.17 [95.55, 96.75] | 98.27 [97.99, 98.53] |
| Greedy local search | 89.79 [88.79, 90.83] | 94.24 [93.59, 94.86] | 96.84 [96.46, 97.20] | 98.59 [98.43, 98.76] |
| Regularized evolution | 93.48 [93.06, 93.86] | 96.27 [96.00, 96.48] | 97.90 [97.75, 98.02] | 99.05 [98.98, 99.11] |
| GP-BO (Matern-5/2, EI) | 93.74 [93.26, 94.18] | 96.30 [96.01, 96.56] | 97.90 [97.73, 98.06] | 99.05 [98.97, 99.14] |
| graph-adapted AdaLead | 93.99 [93.50, 94.50] | 96.49 [96.16, 96.79] | 98.00 [97.80, 98.17] | 99.09 [98.99, 99.17] |
| Fly learner | 89.59 [88.48, 90.73] | 93.83 [93.20, 94.50] | 96.47 [96.07, 96.89] | 98.40 [98.19, 98.61] |
| Fly learner + memory | 89.69 [88.32, 91.02] | 93.67 [92.76, 94.55] | 96.38 [95.81, 96.92] | 98.36 [98.08, 98.60] |
| Fly best tested (replay5, T=0.3, memory) | 89.60 [88.00, 91.03] | 93.75 [92.71, 94.69] | 96.45 [95.79, 97.00] | 98.40 [98.07, 98.67] |
| ESM-2 8M zero-shot (WT-marginal) | 94.66 [92.75, 96.35] | 96.79 [95.64, 97.79] | 98.16 [97.53, 98.72] | 99.10 [98.82, 99.35] |
| ESM-2 150M zero-shot (WT-marginal) | 93.88 [91.59, 96.06] | 96.47 [95.12, 97.75] | 98.02 [97.31, 98.68] | 99.10 [98.77, 99.37] |
